// Jest Snapshot v1, https://goo.gl/fbAQLP

exports[`Footer renders correctly 1`] = `
<div>
  <div
    id="footer"
  >
    <div
      class="container"
    >
      <div
        class="withSidePadding"
      >
        <div
          class="copyright"
        >
          © 
          2025
           
          <a
            href="https://anephenix.com"
            rel="noopen noreferrer"
            target="_blank"
          >
            Anephenix
          </a>
          . UI is licensed under the
           
          <a
            href="https://raw.githubusercontent.com/anephenix/ui/master/LICENSE"
            rel="noopen noreferrer"
            target="_blank"
          >
            MIT License
          </a>
          .
        </div>
        <div
          class="made-in-location"
        >
          <svg
            height="12"
            viewBox="0 0 60 30"
            width="24"
            xmlns="http://www.w3.org/2000/svg"
          >
            <clippath
              id="s"
            >
              <path
                d="M0,0 v30 h60 v-30 z"
              />
            </clippath>
            <clippath
              id="t"
            >
              <path
                d="M30,15 h30 v15 z v15 h-30 z h-30 v-15 z v-15 h30 z"
              />
            </clippath>
            <g
              clip-path="url(#s)"
            >
              <path
                d="M0,0 v30 h60 v-30 z"
                fill="#012169"
              />
              <path
                d="M0,0 L60,30 M60,0 L0,30"
                stroke="#fff"
                stroke-width="6"
              />
              <path
                clip-path="url(#t)"
                d="M0,0 L60,30 M60,0 L0,30"
                stroke="#C8102E"
                stroke-width="4"
              />
              <path
                d="M30,0 v30 M0,15 h60"
                stroke="#fff"
                stroke-width="10"
              />
              <path
                d="M30,0 v30 M0,15 h60"
                stroke="#C8102E"
                stroke-width="6"
              />
            </g>
          </svg>
          <a
            href="https://www.gov.uk"
            rel="noopen noreferrer"
            target="_blank"
          >
              Made in the United Kingdom
          </a>
        </div>
      </div>
    </div>
  </div>
</div>
`;
